---
source: headlamp_core/tests/format_unit_test.rs
assertion_line: 52
expression: joined
---
      [2m1[22m [2m|[22m [2mline1[22m
      [2m2[22m [2m|[22m [2mline2[22m
    > [2m3[22m [2m|[22m [33mline3[39m
      [2m4[22m [2m|[22m [2mline4[22m
      [2m5[22m [2m|[22m [2mline5[22m
      [2m6[22m [2m|[22m [2m[22m
    ^
