---
source: headlamp_parity_tests/tests/parity_support/runner_parity.rs
assertion_line: 617
expression: canonical
---
[<N>;<N>;<N>;<N>;35m[97m FAIL [39m[0m [97mtests/sum_fail_test.<EXT>[39m

[2m───────────────────────────────────────────────────────────────────────────────────────────────────────[22m [<N>;<N>;<N>;<N>;35m[97m Failed Tests <N> [39m[0m

[1mTest Files[22m [<N>;<N>;<N>;<N>;35m1 failed[0m[2m | [22m[<N>;<N>;<N>;<N>;94m4 passed[0m [2m(<N>)[22m
[1mTests[22m     [<N>;<N>;<N>;<N>;35m1 failed[0m[2m | [22m[<N>;<N>;<N>;<N>;94m4 passed[0m [2m(<N>)[22m
[1mTime[22m <N>ms
