---
source: headlamp_tests/tests/expected_received_nonjest_snapshot_test.rs
assertion_line: 48
expression: out
---
[97m RUN [39m [2m/repo[22m

[35mtests/sum_test.rs[39m [2m(1)[22m
  × [97mtest_sum_fails[39m

[97m FAIL [39m [97mtests/sum_test.rs[39m
    [1mExpected[22m
      2
    [1mReceived[22m
      1


────────────────────────────────────────────────────────────────────────────────
× [97m[97mtests/sum_test.rs > test_sum_fails[39m[39m


    [1mExpected[22m
      2
    [1mReceived[22m
      1

    [1mMessage:[22m
    [33massertion `left == right` failed[39m
    [33mleft: 1[39m
    [33mright: 2[39m

────────────────────────────────────────────────────────────────────────────────

[2m───────────────────────────────────────────────────────────────[22m [97m Failed Tests 1 [39m

[1mTest Files[22m 1 failed [2m(1)[22m
[1mTests[22m     1 failed [2m(1)[22m
[1mTime[22m      1ms
