---
source: headlamp_tests/tests/infra_failure_render_snapshot_test.rs
assertion_line: 15
expression: out
---
[97m RUN [39m [2m/repo[22m

[35mheadlamp/infra[39m [2m(1)[22m
  × [97mTest suite failed to run[39m

[97m FAIL [39m [97mheadlamp/infra[39m

────────────────────────────────────────────────────────────────────────────────
× [97m[97mheadlamp/infra > Test suite failed to run[39m  [2m(]8;;vscode://file//repo/src/main.rs:1main.rs:1]8;;)[22m[39m


    [1mMessage:[22m
    [33mmissing runner: jest (expected /repo/node_modules/.bin/jest)[39m
          at run_jest ([36m/repo/src/jest.rs[39m[2m:[22m[97m10:3[39m)
          at main ([36m/repo/src/main.rs[39m[2m:[22m[97m1:1[39m)

────────────────────────────────────────────────────────────────────────────────

[2m───────────────────────────────────────────────────────────────[22m [97m Failed Tests 1 [39m

[1mTest Files[22m 1 failed [2m(1)[22m
[1mTests[22m     1 failed [2m(1)[22m
[1mTime[22m      <1ns
