---
source: headlamp_tests/tests/vitest_render_snapshot_test.rs
assertion_line: 77
expression: out
---
[97m RUN [39m [2m/repo[22m

[35mtests/fail.test.js[39m [2m(1)[22m
  × [97mbad[39m

[97m FAIL [39m [97mtests/fail.test.js[39m
    [1mExpected[22m
      1
    [1mReceived[22m
      2


────────────────────────────────────────────────────────────────────────────────
× [97m[97mtests/fail.test.js > bad[39m[39m


    [1mExpected[22m
      1
    [1mReceived[22m
      2

[2m    Console errors:[22m
      [2m•[22m console error

────────────────────────────────────────────────────────────────────────────────

[35mtests/pass.test.js[39m [2m(1)[22m
  ✓ [2mok[22m

[97m PASS [39m [97mtests/pass.test.js[39m
[2m───────────────────────────────────────────────────────────────[22m [97m Failed Tests 1 [39m

[1mTest Files[22m 1 failed[2m | [22m1 passed [2m(2)[22m
[1mTests[22m     1 failed[2m | [22m1 passed [2m(2)[22m
[1mTime[22m      3ms
